--- Iniciando Sincronizador de DNS ---
Sincronizando 1 registro(s) para la zona b38b3b6d-b576-11f0-a514-0a58644418eb...
Intentando crear registro para uovqam5r...
❌  FALLO al crear el registro para uovqam5r. La API respondió:
400 Client Error: Bad Request for url: https://api.hosting.ionos.com/dns/v1/zones/b38b3b6d-b576-11f0-a514-0a58644418eb/records
--- Sincronizador de DNS finalizado ---
--- Iniciando Sincronizador de DNS (v_final) ---
Sincronizando 1 registro(s) para la zona b38b3b6d-b576-11f0-a514-0a58644418eb...
Intentando crear registro para uovqam5r...
❌  FALLO al crear el registro para uovqam5r. La API respondió:
400 Client Error: Bad Request for url: https://api.hosting.ionos.com/dns/v1/zones/b38b3b6d-b576-11f0-a514-0a58644418eb/records
--- Sincronizador finalizado ---
--- Iniciando Sincronizador de DNS (v_final) ---
Sincronizando 1 registro(s) para la zona b38b3b6d-b576-11f0-a514-0a58644418eb...
Intentando crear registro para uovqam5r...
❌  FALLO al crear el registro para uovqam5r. La API respondió:
400 Client Error: Bad Request for url: https://api.hosting.ionos.com/dns/v1/zones/b38b3b6d-b576-11f0-a514-0a58644418eb/records
--- Sincronizador finalizado ---
--- Iniciando Sincronizador de DNS (v_final) ---
Sincronizando 1 registro(s) para la zona b38b3b6d-b576-11f0-a514-0a58644418eb...
Intentando crear registro para uovqam5r...
❌  FALLO al crear el registro para uovqam5r. La API respondió:
400 Client Error: Bad Request for url: https://api.hosting.ionos.com/dns/v1/zones/b38b3b6d-b576-11f0-a514-0a58644418eb/records
--- Sincronizador finalizado ---
--- Iniciando Sincronizador de DNS (v_final) ---
Sincronizando 1 registro(s) para la zona b38b3b6d-b576-11f0-a514-0a58644418eb...
Intentando crear registro para uovqam5r...
❌  FALLO al crear el registro para uovqam5r. La API respondió:
400 Client Error: Bad Request for url: https://api.hosting.ionos.com/dns/v1/zones/b38b3b6d-b576-11f0-a514-0a58644418eb/records
--- Sincronizador finalizado ---
--- Iniciando Sincronizador de DNS (v_final) ---
Sincronizando 1 registro(s) para la zona b38b3b6d-b576-11f0-a514-0a58644418eb...
Intentando crear registro para uovqam5r...
❌  FALLO al crear el registro para uovqam5r. La API respondió:
400 Client Error: Bad Request for url: https://api.hosting.ionos.com/dns/v1/zones/b38b3b6d-b576-11f0-a514-0a58644418eb/records
--- Sincronizador finalizado ---
--- Iniciando Sincronizador de DNS (v_final) ---
Sincronizando 1 registro(s) para la zona b38b3b6d-b576-11f0-a514-0a58644418eb...
Intentando crear registro para uovqam5r...
❌  FALLO al crear el registro para uovqam5r. La API respondió:
400 Client Error: Bad Request for url: https://api.hosting.ionos.com/dns/v1/zones/b38b3b6d-b576-11f0-a514-0a58644418eb/records
--- Sincronizador finalizado ---
--- Iniciando Sincronizador de DNS (v_final) ---
Sincronizando 1 registro(s) para la zona b38b3b6d-b576-11f0-a514-0a58644418eb...
Intentando crear registro para uovqam5r...
❌  FALLO al crear el registro para uovqam5r. La API respondió:
400 Client Error: Bad Request for url: https://api.hosting.ionos.com/dns/v1/zones/b38b3b6d-b576-11f0-a514-0a58644418eb/records
--- Sincronizador finalizado ---
--- Iniciando Sincronizador de DNS (v_final) ---
Sincronizando 1 registro(s) para la zona b38b3b6d-b576-11f0-a514-0a58644418eb...
Intentando crear registro para uovqam5r...
❌  FALLO al crear el registro para uovqam5r. La API respondió:
400 Client Error: Bad Request for url: https://api.hosting.ionos.com/dns/v1/zones/b38b3b6d-b576-11f0-a514-0a58644418eb/records
--- Sincronizador finalizado ---
--- Iniciando Sincronizador de DNS (v_final) ---
Sincronizando 1 registro(s) para la zona b38b3b6d-b576-11f0-a514-0a58644418eb...
Intentando crear registro para uovqam5r...
❌  FALLO al crear el registro para uovqam5r. La API respondió:
400 Client Error: Bad Request for url: https://api.hosting.ionos.com/dns/v1/zones/b38b3b6d-b576-11f0-a514-0a58644418eb/records
--- Sincronizador finalizado ---
--- Iniciando Sincronizador de DNS (v_final) ---
Sincronizando 3 registro(s) para la zona b38b3b6d-b576-11f0-a514-0a58644418eb...
Intentando crear registro para uovqam5r...
❌  FALLO al crear el registro para uovqam5r. La API respondió:
400 Client Error: Bad Request for url: https://api.hosting.ionos.com/dns/v1/zones/b38b3b6d-b576-11f0-a514-0a58644418eb/records
Intentando crear registro para ibqxcl9x...
❌  FALLO al crear el registro para ibqxcl9x. La API respondió:
400 Client Error: Bad Request for url: https://api.hosting.ionos.com/dns/v1/zones/b38b3b6d-b576-11f0-a514-0a58644418eb/records
Intentando crear registro para jsaifhdg...
❌  FALLO al crear el registro para jsaifhdg. La API respondió:
400 Client Error: Bad Request for url: https://api.hosting.ionos.com/dns/v1/zones/b38b3b6d-b576-11f0-a514-0a58644418eb/records
--- Sincronizador finalizado ---
--- Iniciando Sincronizador de DNS (v_final) ---
Sincronizando 3 registro(s) para la zona b38b3b6d-b576-11f0-a514-0a58644418eb...
Intentando crear registro para uovqam5r...
❌  FALLO al crear el registro para uovqam5r. La API respondió:
400 Client Error: Bad Request for url: https://api.hosting.ionos.com/dns/v1/zones/b38b3b6d-b576-11f0-a514-0a58644418eb/records
Intentando crear registro para ibqxcl9x...
❌  FALLO al crear el registro para ibqxcl9x. La API respondió:
400 Client Error: Bad Request for url: https://api.hosting.ionos.com/dns/v1/zones/b38b3b6d-b576-11f0-a514-0a58644418eb/records
Intentando crear registro para jsaifhdg...
❌  FALLO al crear el registro para jsaifhdg. La API respondió:
400 Client Error: Bad Request for url: https://api.hosting.ionos.com/dns/v1/zones/b38b3b6d-b576-11f0-a514-0a58644418eb/records
--- Sincronizador finalizado ---
--- Iniciando Sincronizador de DNS (v_final) ---
Sincronizando 3 registro(s) para la zona b38b3b6d-b576-11f0-a514-0a58644418eb...
Intentando crear registro para uovqam5r...
❌  FALLO al crear el registro para uovqam5r. La API respondió:
400 Client Error: Bad Request for url: https://api.hosting.ionos.com/dns/v1/zones/b38b3b6d-b576-11f0-a514-0a58644418eb/records
Intentando crear registro para ibqxcl9x...
❌  FALLO al crear el registro para ibqxcl9x. La API respondió:
400 Client Error: Bad Request for url: https://api.hosting.ionos.com/dns/v1/zones/b38b3b6d-b576-11f0-a514-0a58644418eb/records
Intentando crear registro para jsaifhdg...
❌  FALLO al crear el registro para jsaifhdg. La API respondió:
400 Client Error: Bad Request for url: https://api.hosting.ionos.com/dns/v1/zones/b38b3b6d-b576-11f0-a514-0a58644418eb/records
--- Sincronizador finalizado ---
--- Iniciando Sincronizador de DNS (v_final) ---
Sincronizando 3 registro(s) para la zona b38b3b6d-b576-11f0-a514-0a58644418eb...
Intentando crear registro para uovqam5r...
❌  FALLO al crear el registro para uovqam5r. La API respondió:
400 Client Error: Bad Request for url: https://api.hosting.ionos.com/dns/v1/zones/b38b3b6d-b576-11f0-a514-0a58644418eb/records
Intentando crear registro para ibqxcl9x...
❌  FALLO al crear el registro para ibqxcl9x. La API respondió:
400 Client Error: Bad Request for url: https://api.hosting.ionos.com/dns/v1/zones/b38b3b6d-b576-11f0-a514-0a58644418eb/records
Intentando crear registro para jsaifhdg...
❌  FALLO al crear el registro para jsaifhdg. La API respondió:
400 Client Error: Bad Request for url: https://api.hosting.ionos.com/dns/v1/zones/b38b3b6d-b576-11f0-a514-0a58644418eb/records
--- Sincronizador finalizado ---
--- Iniciando Sincronizador de DNS (v_final) ---
Sincronizando 3 registro(s) para la zona b38b3b6d-b576-11f0-a514-0a58644418eb...
Intentando crear registro para uovqam5r...
❌  FALLO al crear el registro para uovqam5r. La API respondió:
400 Client Error: Bad Request for url: https://api.hosting.ionos.com/dns/v1/zones/b38b3b6d-b576-11f0-a514-0a58644418eb/records
Intentando crear registro para ibqxcl9x...
❌  FALLO al crear el registro para ibqxcl9x. La API respondió:
400 Client Error: Bad Request for url: https://api.hosting.ionos.com/dns/v1/zones/b38b3b6d-b576-11f0-a514-0a58644418eb/records
Intentando crear registro para jsaifhdg...
❌  FALLO al crear el registro para jsaifhdg. La API respondió:
400 Client Error: Bad Request for url: https://api.hosting.ionos.com/dns/v1/zones/b38b3b6d-b576-11f0-a514-0a58644418eb/records
--- Sincronizador finalizado ---
--- Iniciando Sincronizador de DNS (v_final) ---
Sincronizando 3 registro(s) para la zona b38b3b6d-b576-11f0-a514-0a58644418eb...
Intentando crear registro para uovqam5r...
❌  FALLO al crear el registro para uovqam5r. La API respondió:
400 Client Error: Bad Request for url: https://api.hosting.ionos.com/dns/v1/zones/b38b3b6d-b576-11f0-a514-0a58644418eb/records
Intentando crear registro para ibqxcl9x...
❌  FALLO al crear el registro para ibqxcl9x. La API respondió:
400 Client Error: Bad Request for url: https://api.hosting.ionos.com/dns/v1/zones/b38b3b6d-b576-11f0-a514-0a58644418eb/records
Intentando crear registro para jsaifhdg...
❌  FALLO al crear el registro para jsaifhdg. La API respondió:
400 Client Error: Bad Request for url: https://api.hosting.ionos.com/dns/v1/zones/b38b3b6d-b576-11f0-a514-0a58644418eb/records
--- Sincronizador finalizado ---
--- Iniciando Sincronizador de DNS (v_final) ---
Sincronizando 3 registro(s) para la zona b38b3b6d-b576-11f0-a514-0a58644418eb...
Intentando crear registro para uovqam5r...
❌  FALLO al crear el registro para uovqam5r. La API respondió:
400 Client Error: Bad Request for url: https://api.hosting.ionos.com/dns/v1/zones/b38b3b6d-b576-11f0-a514-0a58644418eb/records
Intentando crear registro para ibqxcl9x...
❌  FALLO al crear el registro para ibqxcl9x. La API respondió:
400 Client Error: Bad Request for url: https://api.hosting.ionos.com/dns/v1/zones/b38b3b6d-b576-11f0-a514-0a58644418eb/records
Intentando crear registro para jsaifhdg...
❌  FALLO al crear el registro para jsaifhdg. La API respondió:
400 Client Error: Bad Request for url: https://api.hosting.ionos.com/dns/v1/zones/b38b3b6d-b576-11f0-a514-0a58644418eb/records
--- Sincronizador finalizado ---
--- Iniciando Sincronizador de DNS (v_final) ---
Sincronizando 3 registro(s) para la zona b38b3b6d-b576-11f0-a514-0a58644418eb...
Intentando crear registro para uovqam5r...
❌  FALLO al crear el registro para uovqam5r. La API respondió:
400 Client Error: Bad Request for url: https://api.hosting.ionos.com/dns/v1/zones/b38b3b6d-b576-11f0-a514-0a58644418eb/records
Intentando crear registro para ibqxcl9x...
❌  FALLO al crear el registro para ibqxcl9x. La API respondió:
400 Client Error: Bad Request for url: https://api.hosting.ionos.com/dns/v1/zones/b38b3b6d-b576-11f0-a514-0a58644418eb/records
Intentando crear registro para jsaifhdg...
❌  FALLO al crear el registro para jsaifhdg. La API respondió:
400 Client Error: Bad Request for url: https://api.hosting.ionos.com/dns/v1/zones/b38b3b6d-b576-11f0-a514-0a58644418eb/records
--- Sincronizador finalizado ---
--- Iniciando Sincronizador de DNS (v_final) ---
Sincronizando 3 registro(s) para la zona b38b3b6d-b576-11f0-a514-0a58644418eb...
Intentando crear registro para uovqam5r...
❌  FALLO al crear el registro para uovqam5r. La API respondió:
400 Client Error: Bad Request for url: https://api.hosting.ionos.com/dns/v1/zones/b38b3b6d-b576-11f0-a514-0a58644418eb/records
Intentando crear registro para ibqxcl9x...
❌  FALLO al crear el registro para ibqxcl9x. La API respondió:
400 Client Error: Bad Request for url: https://api.hosting.ionos.com/dns/v1/zones/b38b3b6d-b576-11f0-a514-0a58644418eb/records
Intentando crear registro para jsaifhdg...
❌  FALLO al crear el registro para jsaifhdg. La API respondió:
400 Client Error: Bad Request for url: https://api.hosting.ionos.com/dns/v1/zones/b38b3b6d-b576-11f0-a514-0a58644418eb/records
--- Sincronizador finalizado ---
--- Iniciando Sincronizador de DNS (v_final) ---
Sincronizando 3 registro(s) para la zona b38b3b6d-b576-11f0-a514-0a58644418eb...
Intentando crear registro para uovqam5r...
❌  FALLO al crear el registro para uovqam5r. La API respondió:
400 Client Error: Bad Request for url: https://api.hosting.ionos.com/dns/v1/zones/b38b3b6d-b576-11f0-a514-0a58644418eb/records
Intentando crear registro para ibqxcl9x...
❌  FALLO al crear el registro para ibqxcl9x. La API respondió:
400 Client Error: Bad Request for url: https://api.hosting.ionos.com/dns/v1/zones/b38b3b6d-b576-11f0-a514-0a58644418eb/records
Intentando crear registro para jsaifhdg...
❌  FALLO al crear el registro para jsaifhdg. La API respondió:
400 Client Error: Bad Request for url: https://api.hosting.ionos.com/dns/v1/zones/b38b3b6d-b576-11f0-a514-0a58644418eb/records
--- Sincronizador finalizado ---
--- Iniciando Sincronizador de DNS (v_final) ---
Sincronizando 3 registro(s) para la zona b38b3b6d-b576-11f0-a514-0a58644418eb...
Intentando crear registro para uovqam5r...
❌  FALLO al crear el registro para uovqam5r. La API respondió:
400 Client Error: Bad Request for url: https://api.hosting.ionos.com/dns/v1/zones/b38b3b6d-b576-11f0-a514-0a58644418eb/records
Intentando crear registro para ibqxcl9x...
❌  FALLO al crear el registro para ibqxcl9x. La API respondió:
400 Client Error: Bad Request for url: https://api.hosting.ionos.com/dns/v1/zones/b38b3b6d-b576-11f0-a514-0a58644418eb/records
Intentando crear registro para jsaifhdg...
❌  FALLO al crear el registro para jsaifhdg. La API respondió:
400 Client Error: Bad Request for url: https://api.hosting.ionos.com/dns/v1/zones/b38b3b6d-b576-11f0-a514-0a58644418eb/records
--- Sincronizador finalizado ---
--- Iniciando Sincronizador de DNS (v_final) ---
Sincronizando 3 registro(s) para la zona b38b3b6d-b576-11f0-a514-0a58644418eb...
Intentando crear registro para uovqam5r...
❌  FALLO al crear el registro para uovqam5r. La API respondió:
400 Client Error: Bad Request for url: https://api.hosting.ionos.com/dns/v1/zones/b38b3b6d-b576-11f0-a514-0a58644418eb/records
Intentando crear registro para ibqxcl9x...
❌  FALLO al crear el registro para ibqxcl9x. La API respondió:
400 Client Error: Bad Request for url: https://api.hosting.ionos.com/dns/v1/zones/b38b3b6d-b576-11f0-a514-0a58644418eb/records
Intentando crear registro para jsaifhdg...
❌  FALLO al crear el registro para jsaifhdg. La API respondió:
400 Client Error: Bad Request for url: https://api.hosting.ionos.com/dns/v1/zones/b38b3b6d-b576-11f0-a514-0a58644418eb/records
--- Sincronizador finalizado ---
--- Iniciando Sincronizador de DNS (v_final) ---
Sincronizando 3 registro(s) para la zona b38b3b6d-b576-11f0-a514-0a58644418eb...
Intentando crear registro para uovqam5r...
❌  FALLO al crear el registro para uovqam5r. La API respondió:
400 Client Error: Bad Request for url: https://api.hosting.ionos.com/dns/v1/zones/b38b3b6d-b576-11f0-a514-0a58644418eb/records
Intentando crear registro para ibqxcl9x...
❌  FALLO al crear el registro para ibqxcl9x. La API respondió:
400 Client Error: Bad Request for url: https://api.hosting.ionos.com/dns/v1/zones/b38b3b6d-b576-11f0-a514-0a58644418eb/records
Intentando crear registro para jsaifhdg...
❌  FALLO al crear el registro para jsaifhdg. La API respondió:
400 Client Error: Bad Request for url: https://api.hosting.ionos.com/dns/v1/zones/b38b3b6d-b576-11f0-a514-0a58644418eb/records
--- Sincronizador finalizado ---
--- Iniciando Sincronizador de DNS (v_final) ---
Sincronizando 3 registro(s) para la zona b38b3b6d-b576-11f0-a514-0a58644418eb...
Intentando crear registro para uovqam5r...
❌  FALLO al crear el registro para uovqam5r. La API respondió:
400 Client Error: Bad Request for url: https://api.hosting.ionos.com/dns/v1/zones/b38b3b6d-b576-11f0-a514-0a58644418eb/records
Intentando crear registro para ibqxcl9x...
❌  FALLO al crear el registro para ibqxcl9x. La API respondió:
400 Client Error: Bad Request for url: https://api.hosting.ionos.com/dns/v1/zones/b38b3b6d-b576-11f0-a514-0a58644418eb/records
Intentando crear registro para jsaifhdg...
❌  FALLO al crear el registro para jsaifhdg. La API respondió:
400 Client Error: Bad Request for url: https://api.hosting.ionos.com/dns/v1/zones/b38b3b6d-b576-11f0-a514-0a58644418eb/records
--- Sincronizador finalizado ---
--- Iniciando Sincronizador de DNS (v_final) ---
Sincronizando 3 registro(s) para la zona b38b3b6d-b576-11f0-a514-0a58644418eb...
Intentando crear registro para uovqam5r...
❌  FALLO al crear el registro para uovqam5r. La API respondió:
400 Client Error: Bad Request for url: https://api.hosting.ionos.com/dns/v1/zones/b38b3b6d-b576-11f0-a514-0a58644418eb/records
Intentando crear registro para ibqxcl9x...
❌  FALLO al crear el registro para ibqxcl9x. La API respondió:
400 Client Error: Bad Request for url: https://api.hosting.ionos.com/dns/v1/zones/b38b3b6d-b576-11f0-a514-0a58644418eb/records
Intentando crear registro para jsaifhdg...
❌  FALLO al crear el registro para jsaifhdg. La API respondió:
400 Client Error: Bad Request for url: https://api.hosting.ionos.com/dns/v1/zones/b38b3b6d-b576-11f0-a514-0a58644418eb/records
--- Sincronizador finalizado ---
--- Iniciando Sincronizador de DNS (v_final) ---
Sincronizando 3 registro(s) para la zona b38b3b6d-b576-11f0-a514-0a58644418eb...
Intentando crear registro para uovqam5r...
❌  FALLO al crear el registro para uovqam5r. La API respondió:
400 Client Error: Bad Request for url: https://api.hosting.ionos.com/dns/v1/zones/b38b3b6d-b576-11f0-a514-0a58644418eb/records
Intentando crear registro para ibqxcl9x...
❌  FALLO al crear el registro para ibqxcl9x. La API respondió:
400 Client Error: Bad Request for url: https://api.hosting.ionos.com/dns/v1/zones/b38b3b6d-b576-11f0-a514-0a58644418eb/records
Intentando crear registro para jsaifhdg...
❌  FALLO al crear el registro para jsaifhdg. La API respondió:
400 Client Error: Bad Request for url: https://api.hosting.ionos.com/dns/v1/zones/b38b3b6d-b576-11f0-a514-0a58644418eb/records
--- Sincronizador finalizado ---
--- Iniciando Sincronizador de DNS (v_final) ---
Sincronizando 3 registro(s) para la zona b38b3b6d-b576-11f0-a514-0a58644418eb...
Intentando crear registro para uovqam5r...
❌  FALLO al crear el registro para uovqam5r. La API respondió:
400 Client Error: Bad Request for url: https://api.hosting.ionos.com/dns/v1/zones/b38b3b6d-b576-11f0-a514-0a58644418eb/records
Intentando crear registro para ibqxcl9x...
❌  FALLO al crear el registro para ibqxcl9x. La API respondió:
400 Client Error: Bad Request for url: https://api.hosting.ionos.com/dns/v1/zones/b38b3b6d-b576-11f0-a514-0a58644418eb/records
Intentando crear registro para jsaifhdg...
❌  FALLO al crear el registro para jsaifhdg. La API respondió:
400 Client Error: Bad Request for url: https://api.hosting.ionos.com/dns/v1/zones/b38b3b6d-b576-11f0-a514-0a58644418eb/records
--- Sincronizador finalizado ---
--- Iniciando Sincronizador de DNS (v_final) ---
Sincronizando 3 registro(s) para la zona b38b3b6d-b576-11f0-a514-0a58644418eb...
Intentando crear registro para uovqam5r...
❌  FALLO al crear el registro para uovqam5r. La API respondió:
400 Client Error: Bad Request for url: https://api.hosting.ionos.com/dns/v1/zones/b38b3b6d-b576-11f0-a514-0a58644418eb/records
Intentando crear registro para ibqxcl9x...
❌  FALLO al crear el registro para ibqxcl9x. La API respondió:
400 Client Error: Bad Request for url: https://api.hosting.ionos.com/dns/v1/zones/b38b3b6d-b576-11f0-a514-0a58644418eb/records
Intentando crear registro para jsaifhdg...
❌  FALLO al crear el registro para jsaifhdg. La API respondió:
400 Client Error: Bad Request for url: https://api.hosting.ionos.com/dns/v1/zones/b38b3b6d-b576-11f0-a514-0a58644418eb/records
--- Sincronizador finalizado ---
--- Iniciando Sincronizador de DNS (v_final) ---
Sincronizando 3 registro(s) para la zona b38b3b6d-b576-11f0-a514-0a58644418eb...
Intentando crear registro para uovqam5r...
❌  FALLO al crear el registro para uovqam5r. La API respondió:
400 Client Error: Bad Request for url: https://api.hosting.ionos.com/dns/v1/zones/b38b3b6d-b576-11f0-a514-0a58644418eb/records
Intentando crear registro para ibqxcl9x...
❌  FALLO al crear el registro para ibqxcl9x. La API respondió:
400 Client Error: Bad Request for url: https://api.hosting.ionos.com/dns/v1/zones/b38b3b6d-b576-11f0-a514-0a58644418eb/records
Intentando crear registro para jsaifhdg...
❌  FALLO al crear el registro para jsaifhdg. La API respondió:
400 Client Error: Bad Request for url: https://api.hosting.ionos.com/dns/v1/zones/b38b3b6d-b576-11f0-a514-0a58644418eb/records
--- Sincronizador finalizado ---
--- Iniciando Sincronizador de DNS (v_final) ---
Sincronizando 5 registro(s) para la zona b38b3b6d-b576-11f0-a514-0a58644418eb...
Intentando crear registro para uovqam5r...
❌  FALLO al crear el registro para uovqam5r. La API respondió:
400 Client Error: Bad Request for url: https://api.hosting.ionos.com/dns/v1/zones/b38b3b6d-b576-11f0-a514-0a58644418eb/records
Intentando crear registro para ibqxcl9x...
❌  FALLO al crear el registro para ibqxcl9x. La API respondió:
400 Client Error: Bad Request for url: https://api.hosting.ionos.com/dns/v1/zones/b38b3b6d-b576-11f0-a514-0a58644418eb/records
Intentando crear registro para jsaifhdg...
❌  FALLO al crear el registro para jsaifhdg. La API respondió:
400 Client Error: Bad Request for url: https://api.hosting.ionos.com/dns/v1/zones/b38b3b6d-b576-11f0-a514-0a58644418eb/records
Intentando crear registro para 5hpisanr...
❌  FALLO al crear el registro para 5hpisanr. La API respondió:
400 Client Error: Bad Request for url: https://api.hosting.ionos.com/dns/v1/zones/b38b3b6d-b576-11f0-a514-0a58644418eb/records
Intentando crear registro para g8cute2n...
❌  FALLO al crear el registro para g8cute2n. La API respondió:
400 Client Error: Bad Request for url: https://api.hosting.ionos.com/dns/v1/zones/b38b3b6d-b576-11f0-a514-0a58644418eb/records
--- Sincronizador finalizado ---
--- Iniciando Sincronizador de DNS (v_final) ---
Sincronizando 5 registro(s) para la zona b38b3b6d-b576-11f0-a514-0a58644418eb...
Intentando crear registro para uovqam5r...
❌  FALLO al crear el registro para uovqam5r. La API respondió:
400 Client Error: Bad Request for url: https://api.hosting.ionos.com/dns/v1/zones/b38b3b6d-b576-11f0-a514-0a58644418eb/records
Intentando crear registro para ibqxcl9x...
❌  FALLO al crear el registro para ibqxcl9x. La API respondió:
400 Client Error: Bad Request for url: https://api.hosting.ionos.com/dns/v1/zones/b38b3b6d-b576-11f0-a514-0a58644418eb/records
Intentando crear registro para jsaifhdg...
❌  FALLO al crear el registro para jsaifhdg. La API respondió:
400 Client Error: Bad Request for url: https://api.hosting.ionos.com/dns/v1/zones/b38b3b6d-b576-11f0-a514-0a58644418eb/records
Intentando crear registro para 5hpisanr...
❌  FALLO al crear el registro para 5hpisanr. La API respondió:
400 Client Error: Bad Request for url: https://api.hosting.ionos.com/dns/v1/zones/b38b3b6d-b576-11f0-a514-0a58644418eb/records
Intentando crear registro para g8cute2n...
❌  FALLO al crear el registro para g8cute2n. La API respondió:
400 Client Error: Bad Request for url: https://api.hosting.ionos.com/dns/v1/zones/b38b3b6d-b576-11f0-a514-0a58644418eb/records
--- Sincronizador finalizado ---
--- Iniciando Sincronizador de DNS (v_final) ---
Sincronizando 1 registro(s) para la zona b38b3b6d-b576-11f0-a514-0a58644418eb...
Intentando crear registro para ny074eol...
❌  FALLO al crear el registro para ny074eol. La API respondió:
400 Client Error: Bad Request for url: https://api.hosting.ionos.com/dns/v1/zones/b38b3b6d-b576-11f0-a514-0a58644418eb/records
--- Sincronizador finalizado ---
--- Iniciando Sincronizador de DNS (v_final) ---
Sincronizando 1 registro(s) para la zona b38b3b6d-b576-11f0-a514-0a58644418eb...
Intentando crear registro para ny074eol...
❌  FALLO al crear el registro para ny074eol. La API respondió:
400 Client Error: Bad Request for url: https://api.hosting.ionos.com/dns/v1/zones/b38b3b6d-b576-11f0-a514-0a58644418eb/records
--- Sincronizador finalizado ---
--- Iniciando Sincronizador de DNS (v_final) ---
Sincronizando 1 registro(s) para la zona b38b3b6d-b576-11f0-a514-0a58644418eb...
Intentando crear registro para ny074eol...
❌  FALLO al crear el registro para ny074eol. La API respondió:
400 Client Error: Bad Request for url: https://api.hosting.ionos.com/dns/v1/zones/b38b3b6d-b576-11f0-a514-0a58644418eb/records
--- Sincronizador finalizado ---
--- Iniciando Sincronizador de DNS (v_final) ---
Sincronizando 1 registro(s) para la zona b38b3b6d-b576-11f0-a514-0a58644418eb...
Intentando crear registro para ny074eol...
❌  FALLO al crear el registro para ny074eol. La API respondió:
400 Client Error: Bad Request for url: https://api.hosting.ionos.com/dns/v1/zones/b38b3b6d-b576-11f0-a514-0a58644418eb/records
--- Sincronizador finalizado ---
--- Iniciando Sincronizador de DNS (v_final_definitiva) ---
Sincronizando 1 registro(s) para la zona b38b3b6d-b576-11f0-a514-0a58644418eb...
Intentando crear registro para ny074eol...
❌  FALLO al crear el registro para ny074eol. La API respondió:
400 Client Error: Bad Request for url: https://api.hosting.ionos.com/dns/v1/zones/b38b3b6d-b576-11f0-a514-0a58644418eb/records
--- Sincronizador finalizado ---
--- Iniciando Sincronizador de DNS (v_final_definitiva) ---
Sincronizando 1 registro(s) para la zona b38b3b6d-b576-11f0-a514-0a58644418eb...
Intentando crear registro para ny074eol...
❌  FALLO al crear el registro para ny074eol. La API respondió:
400 Client Error: Bad Request for url: https://api.hosting.ionos.com/dns/v1/zones/b38b3b6d-b576-11f0-a514-0a58644418eb/records
--- Sincronizador finalizado ---
--- Iniciando Sincronizador de DNS (v_final_definitiva) ---
Sincronizando 1 registro(s) para la zona b38b3b6d-b576-11f0-a514-0a58644418eb...
Intentando crear registro para ny074eol...
❌  FALLO al crear el registro para ny074eol. La API respondió:
400 Client Error: Bad Request for url: https://api.hosting.ionos.com/dns/v1/zones/b38b3b6d-b576-11f0-a514-0a58644418eb/records
--- Sincronizador finalizado ---
--- Iniciando Sincronizador de DNS (v_final_plus) ---
Sincronizando 1 registro(s) para la zona b38b3b6d-b576-11f0-a514-0a58644418eb...
Intentando crear registro para ny074eol con payload: {"name": "ny074eol", "rootName": "davidexposito.es", "type": "TXT", "content": "\"https://es.wikipedia.org/wiki/Wikipedia:Portada\"", "ttl": 3600, "prio": 0, "disabled": false}
❌  FALLO al crear el registro para ny074eol. La API respondió:
400 Client Error: Bad Request for url: https://api.hosting.ionos.com/dns/v1/zones/b38b3b6d-b576-11f0-a514-0a58644418eb/records
--- Sincronizador finalizado ---
--- Iniciando Sincronizador de DNS (v_final_plus) ---
Sincronizando 1 registro(s) para la zona b38b3b6d-b576-11f0-a514-0a58644418eb...
Intentando crear registro para ny074eol con payload: {"name": "ny074eol", "rootName": "davidexposito.es", "type": "TXT", "content": "\"https://es.wikipedia.org/wiki/Wikipedia:Portada\"", "ttl": 3600, "prio": 0, "disabled": false}
❌  FALLO al crear el registro para ny074eol. La API respondió:
400 Client Error: Bad Request for url: https://api.hosting.ionos.com/dns/v1/zones/b38b3b6d-b576-11f0-a514-0a58644418eb/records
--- Sincronizador finalizado ---
--- Iniciando Sincronizador de DNS (v_final_plus) ---
Sincronizando 1 registro(s) para la zona b38b3b6d-b576-11f0-a514-0a58644418eb...
Intentando crear registro para ny074eol con payload: {"name": "ny074eol", "rootName": "davidexposito.es", "type": "TXT", "content": "\"https://es.wikipedia.org/wiki/Wikipedia:Portada\"", "ttl": 3600, "prio": 0, "disabled": false}
❌  FALLO al crear el registro para ny074eol. La API respondió:
400 Client Error: Bad Request for url: https://api.hosting.ionos.com/dns/v1/zones/b38b3b6d-b576-11f0-a514-0a58644418eb/records
--- Sincronizador finalizado ---
--- Iniciando Sincronizador de DNS (v_final_plus) ---
Sincronizando 1 registro(s) para la zona b38b3b6d-b576-11f0-a514-0a58644418eb...
Intentando crear registro para ny074eol con payload: {"name": "ny074eol", "rootName": "davidexposito.es", "type": "TXT", "content": "\"https://es.wikipedia.org/wiki/Wikipedia:Portada\"", "ttl": 3600, "prio": 0, "disabled": false}
❌  FALLO al crear el registro para ny074eol. La API respondió:
400 Client Error: Bad Request for url: https://api.hosting.ionos.com/dns/v1/zones/b38b3b6d-b576-11f0-a514-0a58644418eb/records
--- Sincronizador finalizado ---
--- Iniciando Sincronizador de DNS (v_final_plus) ---
Sincronizando 1 registro(s) para la zona b38b3b6d-b576-11f0-a514-0a58644418eb...
Intentando crear registro para ny074eol con payload: {"name": "ny074eol", "rootName": "davidexposito.es", "type": "TXT", "content": "\"https://es.wikipedia.org/wiki/Wikipedia:Portada\"", "ttl": 3600, "prio": 0, "disabled": false}
❌  FALLO al crear el registro para ny074eol. La API respondió:
400 Client Error: Bad Request for url: https://api.hosting.ionos.com/dns/v1/zones/b38b3b6d-b576-11f0-a514-0a58644418eb/records
--- Sincronizador finalizado ---
--- Iniciando Sincronizador de DNS (v_final_plus) ---
Sincronizando 1 registro(s) para la zona b38b3b6d-b576-11f0-a514-0a58644418eb...
Intentando crear registro para ny074eol con payload: {"name": "ny074eol", "rootName": "davidexposito.es", "type": "TXT", "content": "\"https://es.wikipedia.org/wiki/Wikipedia:Portada\"", "ttl": 3600, "prio": 0, "disabled": false}
❌  FALLO al crear el registro para ny074eol. La API respondió:
400 Client Error: Bad Request for url: https://api.hosting.ionos.com/dns/v1/zones/b38b3b6d-b576-11f0-a514-0a58644418eb/records
--- Sincronizador finalizado ---
--- Iniciando Sincronizador de DNS ---
Sincronizando 1 registro(s) para la zona b38b3b6d-b576-11f0-a514-0a58644418eb...
Enviando registro para: ny074eol...
❌ Error 400: [{"code":"INVALID_RECORD","message":"Record is invalid.","parameters":{"invalidFields":["name"],"errorRecord":{"name":"ny074eol","rootName":"davidexposito.es","type":"TXT","content":"\"https://es.wikipedia.org/wiki/Wikipedia:Portada\"","ttl":3600,"disabled":false}}}]
❌ Fallo en la petición.
--- Sincronizador finalizado ---
--- Iniciando Sincronizador de DNS ---
Sincronizando 1 registro(s) para la zona b38b3b6d-b576-11f0-a514-0a58644418eb...
Enviando registro para: ny074eol...
❌ Error 400: [{"code":"INVALID_RECORD","message":"Record is invalid.","parameters":{"invalidFields":["name"],"errorRecord":{"name":"ny074eol","rootName":"davidexposito.es","type":"TXT","content":"\"https://es.wikipedia.org/wiki/Wikipedia:Portada\"","ttl":3600,"disabled":false}}}]
❌ Fallo en la petición.
--- Sincronizador finalizado ---
--- Iniciando Sincronizador de DNS ---
No hay registros pendientes. Saliendo.
--- Iniciando Sincronizador de DNS ---
No hay registros pendientes. Saliendo.
--- Iniciando Sincronizador de DNS ---
No hay registros pendientes. Saliendo.
--- Iniciando Sincronizador de DNS ---
No hay registros pendientes. Saliendo.
--- Iniciando Sincronizador de DNS ---
No hay registros pendientes. Saliendo.
--- Iniciando Sincronizador de DNS ---
No hay registros pendientes. Saliendo.
--- Iniciando Sincronizador de DNS ---
No hay registros pendientes. Saliendo.
--- Iniciando Sincronizador de DNS ---
No hay registros pendientes. Saliendo.
--- Iniciando Sincronizador de DNS ---
No hay registros pendientes. Saliendo.
--- Iniciando Sincronizador de DNS ---
No hay registros pendientes. Saliendo.
--- Iniciando Sincronizador de DNS ---
No hay registros pendientes. Saliendo.
--- Iniciando Sincronizador de DNS ---
No hay registros pendientes. Saliendo.
--- Iniciando Sincronizador de DNS ---
No hay registros pendientes. Saliendo.
--- Iniciando Sincronizador de DNS ---
No hay registros pendientes. Saliendo.
--- Iniciando Sincronizador de DNS ---
No hay registros pendientes. Saliendo.
--- Iniciando Sincronizador de DNS ---
Sincronizando 1 registro(s) para la zona b38b3b6d-b576-11f0-a514-0a58644418eb...
Enviando registro: a5wt5fud.davidexposito.es ...
✔️ ¡ÉXITO! Registro creado.
Sincronización completada. 1 registros procesados.
--- Sincronizador finalizado ---
--- Iniciando Sincronizador de DNS ---
No hay registros pendientes. Saliendo.
--- Iniciando Sincronizador de DNS ---
No hay registros pendientes. Saliendo.
--- Iniciando Sincronizador de DNS ---
No hay registros pendientes. Saliendo.
--- Iniciando Sincronizador de DNS ---
No hay registros pendientes. Saliendo.
--- Iniciando Sincronizador de DNS ---
No hay registros pendientes. Saliendo.
--- Iniciando Sincronizador de DNS ---
No hay registros pendientes. Saliendo.
--- Iniciando Sincronizador de DNS ---
No hay registros pendientes. Saliendo.
--- Iniciando Sincronizador de DNS ---
No hay registros pendientes. Saliendo.
--- Iniciando Sincronizador de DNS ---
No hay registros pendientes. Saliendo.
--- Iniciando Sincronizador de DNS ---
No hay registros pendientes. Saliendo.
--- Iniciando Sincronizador de DNS ---
No hay registros pendientes. Saliendo.
--- Iniciando Sincronizador de DNS ---
No hay registros pendientes. Saliendo.
--- Iniciando Sincronizador de DNS ---
No hay registros pendientes. Saliendo.
--- Iniciando Sincronizador de DNS ---
No hay registros pendientes. Saliendo.
